     Assembly listing for: p3.mas
                Assembled: Tue Jul 07 01:43:29 EDT 2020

         |         ORG 100           
100 110E |  If     LOAD X           /Load X
101 4110 |         SUBT One         /Subtract 1, store result in AC
102 8000 |         SKIPCOND 000     /If AC<0 (X<1), skip the next instruction
103 9109 |         JUMP Endif       /Jump to Endif if X is not less than 1
104 110E |  Then   LOAD X           /Reload X so it can be subtracted
105 4111 |         SUBT Two         /Subtract 2 from X
106 210F |         STORE Y          /Y= X - 2
107 A000 |         CLEAR            /Move 0 into AC
108 210E |         STORE X          /Set X to 0
109 110F |  Endif  LOAD Y           /Load Y into AC
10A 3112 |         ADD Seven        /Add 7 to Y
10B 210F |         STORE Y          /Y = Y + 7
10C 110F |         LOAD Y            
10D 7000 |         HALT             /Terminate program
10E FFF7 |  X      DEC -9           /X has starting value, not given in problem
10F 0002 |  Y      DEC 2            /Y has starting value, not given in problem
110 0001 |  One    DEC 1            /Use as a constant
111 0002 |  Two    DEC 2            /Use as a constant
112 0007 |  Seven  DEC 7            /Use as a constant

Assembly successful.

         SYMBOL TABLE
         --------------------------------------------------
          Symbol | Defined | References 
         --------+---------+-------------------------------
          Endif  |   109   | 103
          If     |   100   | 
          One    |   110   | 101
          Seven  |   112   | 10A
          Then   |   104   | 
          Two    |   111   | 105
          X      |   10E   | 100, 104, 108
          Y      |   10F   | 106, 109, 10B, 10C
         --------------------------------------------------

